{
  "containerDefinitions": [
    {
      "name": "init-container-for-secret-files",
      "image": "public.ecr.aws/aws-cli/aws-cli:latest",
      "essential": false,
      "entryPoint": [
        "/bin/sh"
      ],
      "command": [
        "-c",
        "for secret in ${SECRET_FILES//,/ }; do echo \"Fetching $secret...\"; aws secretsmanager get-secret-value --secret-id $secret --region $AWS_REGION --query SecretString --output text > /app/secrets/$secret; if [ $? -eq 0 ] && [ -s /app/secrets/$secret ]; then echo \"\u2705 Successfully saved $secret to /app/secrets/$secret\"; else echo \"\u274c Failed to save $secret\" >&2; exit 1; fi; done"
      ],
      "environment": [
        {
          "name": "SECRET_FILES",
          "value": "database-config,api-keys"
        },
        {
          "name": "AWS_REGION",
          "value": "us-east-1"
        }
      ],
      "mountPoints": [
        {
          "sourceVolume": "shared-volume",
          "containerPath": "/app/secrets"
        }
      ],
      "logConfiguration": {
        "logDriver": "awslogs",
        "options": {
          "awslogs-group": "/ecs/test-cluster/test-service",
          "awslogs-region": "us-east-1",
          "awslogs-stream-prefix": "ssm-file-downloader"
        }
      }
    },
    {
      "name": "app",
      "image": "123456789012.dkr.ecr.us-east-1.amazonaws.com/test-app:latest",
      "essential": true,
      "environment": [
        {
          "name": "CONFIG_PATH",
          "value": "/app/secrets"
        }
      ],
      "command": [],
      "entryPoint": [],
      "secrets": [],
      "logConfiguration": {
        "logDriver": "awslogs",
        "options": {
          "awslogs-group": "/ecs/test-cluster/test-service",
          "awslogs-region": "us-east-1",
          "awslogs-stream-prefix": "/default"
        }
      },
      "portMappings": [
        {
          "name": "default",
          "containerPort": 8080,
          "hostPort": 8080,
          "protocol": "tcp",
          "appProtocol": "http"
        }
      ],
      "mountPoints": [
        {
          "sourceVolume": "shared-volume",
          "containerPath": "/app/secrets"
        }
      ],
      "dependsOn": [
        {
          "containerName": "init-container-for-secret-files",
          "condition": "SUCCESS"
        }
      ]
    }
  ],
  "cpu": "256",
  "memory": "512",
  "runtimePlatform": {
    "cpuArchitecture": "X86_64",
    "operatingSystemFamily": "LINUX"
  },
  "family": "test-cluster_test-service",
  "taskRoleArn": "arn:aws:iam::123456789012:role/ecsTaskExecutionRole",
  "executionRoleArn": "arn:aws:iam::123456789012:role/ecsTaskExecutionRole",
  "networkMode": "awsvpc",
  "requiresCompatibilities": [
    "FARGATE"
  ],
  "volumes": [
    {
      "name": "shared-volume",
      "host": {}
    }
  ]
}
