{
  "containerDefinitions": [
    {
      "name": "app",
      "image": "123456789012.dkr.ecr.us-east-1.amazonaws.com/test-app:latest",
      "essential": true,
      "environment": [
        {
          "name": "NODE_ENV",
          "value": "development"
        },
        {
          "name": "DEBUG",
          "value": "true"
        },
        {
          "name": "LOG_LEVEL",
          "value": "debug"
        },
        {
          "name": "PORT",
          "value": "8080"
        },
        {
          "name": "DATABASE_URL",
          "value": "postgresql://localhost:5432/testdb"
        },
        {
          "name": "REDIS_URL",
          "value": "redis://localhost:6379"
        },
        {
          "name": "API_TIMEOUT",
          "value": "30000"
        },
        {
          "name": "MAX_RETRIES",
          "value": "3"
        }
      ],
      "command": [
        "npm",
        "start"
      ],
      "entryPoint": [
        "node"
      ],
      "secrets": [],
      "logConfiguration": {
        "logDriver": "awslogs",
        "options": {
          "awslogs-group": "/ecs/test-cluster/test-service",
          "awslogs-region": "us-east-1",
          "awslogs-stream-prefix": "/default"
        }
      },
      "portMappings": [
        {
          "name": "default",
          "containerPort": 8080,
          "hostPort": 8080,
          "protocol": "tcp",
          "appProtocol": "http"
        }
      ]
    }
  ],
  "cpu": "512",
  "memory": "1024",
  "runtimePlatform": {
    "cpuArchitecture": "ARM64",
    "operatingSystemFamily": "LINUX"
  },
  "family": "test-cluster_test-service",
  "taskRoleArn": "arn:aws:iam::123456789012:role/ecsTaskExecutionRole",
  "executionRoleArn": "arn:aws:iam::123456789012:role/ecsTaskExecutionRole",
  "networkMode": "awsvpc",
  "requiresCompatibilities": [
    "FARGATE"
  ]
}