{
  "containerDefinitions": [
    {
      "name": "app",
      "image": "123456789012.dkr.ecr.us-east-1.amazonaws.com/test-app:latest",
      "essential": true,
      "environment": [
        {
          "name": "APP_TYPE",
          "value": "web-service"
        }
      ],
      "command": [],
      "entryPoint": [],
      "secrets": [],
      "logConfiguration": {
        "logDriver": "awslogs",
        "options": {
          "awslogs-group": "/ecs/test-cluster/test-service",
          "awslogs-region": "us-east-1",
          "awslogs-stream-prefix": "/default"
        }
      },
      "healthCheck": {
        "command": [
          "CMD-SHELL",
          "wget --quiet --tries=1 --spider http://localhost:8080/health || exit 1"
        ],
        "interval": 60,
        "timeout": 10,
        "retries": 5,
        "startPeriod": 120
      },
      "portMappings": [
        {
          "name": "default",
          "containerPort": 8080,
          "hostPort": 8080,
          "protocol": "tcp",
          "appProtocol": "http"
        }
      ]
    }
  ],
  "cpu": "512",
  "memory": "1024",
  "runtimePlatform": {
    "cpuArchitecture": "X86_64",
    "operatingSystemFamily": "LINUX"
  },
  "family": "test-cluster_test-service",
  "taskRoleArn": "arn:aws:iam::123456789012:role/ecsTaskExecutionRole",
  "executionRoleArn": "arn:aws:iam::123456789012:role/ecsTaskExecutionRole",
  "networkMode": "awsvpc",
  "requiresCompatibilities": [
    "FARGATE"
  ]
}