{
  "containerDefinitions": [
    {
      "name": "app",
      "image": "123456789012.dkr.ecr.us-east-1.amazonaws.com/test-app:latest",
      "essential": true,
      "environment": [
        {
          "name": "JAVA_OPTS",
          "value": "-Xmx6g -Xms6g"
        },
        {
          "name": "MAX_CONNECTIONS",
          "value": "1000"
        },
        {
          "name": "THREAD_POOL_SIZE",
          "value": "100"
        }
      ],
      "command": [
        "java",
        "-jar",
        "app.jar"
      ],
      "entryPoint": [],
      "secrets": [],
      "logConfiguration": {
        "logDriver": "awslogs",
        "options": {
          "awslogs-group": "/ecs/test-cluster/test-service",
          "awslogs-region": "us-east-1",
          "awslogs-stream-prefix": "/default"
        }
      },
      "portMappings": [
        {
          "name": "default",
          "containerPort": 8080,
          "hostPort": 8080,
          "protocol": "tcp",
          "appProtocol": "http"
        },
        {
          "name": "jmx",
          "containerPort": 1099,
          "hostPort": 1099,
          "protocol": "tcp",
          "appProtocol": "http"
        }
      ]
    }
  ],
  "cpu": "4096",
  "memory": "8192",
  "runtimePlatform": {
    "cpuArchitecture": "X86_64",
    "operatingSystemFamily": "LINUX"
  },
  "family": "test-cluster_test-service",
  "taskRoleArn": "arn:aws:iam::123456789012:role/ecsTaskExecutionRole",
  "executionRoleArn": "arn:aws:iam::123456789012:role/ecsTaskExecutionRole",
  "networkMode": "awsvpc",
  "requiresCompatibilities": [
    "FARGATE"
  ]
}