{
  "containerDefinitions": [
    {
      "name": "app",
      "image": "123456789012.dkr.ecr.us-east-1.amazonaws.com/test-app:latest",
      "essential": true,
      "environment": [
        {
          "name": "NODE_ENV",
          "value": "production"
        },
        {
          "name": "API_VERSION",
          "value": "v1"
        }
      ],
      "command": [],
      "entryPoint": [],
      "secrets": [],
      "logConfiguration": {
        "logDriver": "awslogs",
        "options": {
          "awslogs-group": "/ecs/test-cluster/test-service",
          "awslogs-region": "us-east-1",
          "awslogs-stream-prefix": "/default"
        }
      },
      "portMappings": [
        {
          "name": "default",
          "containerPort": 8080,
          "hostPort": 8080,
          "protocol": "tcp",
          "appProtocol": "http"
        }
      ]
    },
    {
      "name": "otel-collector",
      "image": "public.ecr.aws/aws-observability/aws-otel-collector:latest",
      "portMappings": [
        {
          "name": "otel-collector-4317-tcp",
          "containerPort": 4317,
          "hostPort": 4317,
          "protocol": "tcp",
          "appProtocol": "grpc"
        },
        {
          "name": "otel-collector-4318-tcp",
          "containerPort": 4318,
          "hostPort": 4318,
          "protocol": "tcp"
        }
      ],
      "essential": true,
      "command": [
        "--config",
        "env:SSM_CONFIG"
      ],
      "logConfiguration": {
        "logDriver": "awslogs",
        "options": {
          "awslogs-group": "/ecs/test-cluster/test-service",
          "awslogs-region": "us-east-1",
          "awslogs-stream-prefix": "otel-collector"
        }
      },
      "environment": [
        {
          "name": "METRICS_PATH",
          "value": "/metrics"
        },
        {
          "name": "METRICS_PORT",
          "value": "8080"
        }
      ],
      "secrets": [
        {
          "name": "SSM_CONFIG",
          "valueFrom": "my-ssm"
        }
      ]
    }
  ],
  "cpu": "512",
  "memory": "1024",
  "runtimePlatform": {
    "cpuArchitecture": "X86_64",
    "operatingSystemFamily": "LINUX"
  },
  "family": "test-cluster_test-service",
  "taskRoleArn": "arn:aws:iam::123456789012:role/ecsTaskExecutionRole",
  "executionRoleArn": "arn:aws:iam::123456789012:role/ecsTaskExecutionRole",
  "networkMode": "awsvpc",
  "requiresCompatibilities": [
    "FARGATE"
  ]
}