{
  "containerDefinitions": [
    {
      "name": "init-container-for-secret-files",
      "image": "public.ecr.aws/aws-cli/aws-cli:latest",
      "essential": false,
      "entryPoint": [
        "/bin/sh"
      ],
      "command": [
        "-c",
        "for secret in ${SECRET_FILES//,/ }; do echo \"Fetching $secret...\"; echo \"Debug: AWS_REGION=$AWS_REGION, SECRET_PATH=/etc/secrets\"; # First try to get as SecretString (for text secrets)SECRET_VALUE=$(aws secretsmanager get-secret-value --secret-id $secret --region $AWS_REGION --query SecretString --output text 2>/dev/null); STRING_RESULT=$?; if [ $STRING_RESULT -eq 0 ] && [ -n \"$SECRET_VALUE\" ] && [ \"$SECRET_VALUE\" != \"null\" ] && [ \"$SECRET_VALUE\" != \"none\" ] && [ \"$SECRET_VALUE\" != \"None\" ]; then echo \"Found text secret, saving to /etc/secrets/$secret\"; echo \"$SECRET_VALUE\" > /etc/secrets/$secret; else echo \"Text retrieval failed or returned null, trying binary retrieval...\"; # Try to get as SecretBinary (for binary secrets like certificates/keys)aws secretsmanager get-secret-value --secret-id $secret --region $AWS_REGION --query SecretBinary --output text | base64 -d > /etc/secrets/$secret 2>/dev/null; BINARY_RESULT=$?; if [ $BINARY_RESULT -eq 0 ] && [ -s {secrets_files_path}/$secret ]; then echo \"Found binary secret, saved to /etc/secrets/$secret\"; else echo \"\u274c Failed to retrieve $secret as either text or binary\" >&2; echo \"Text result: $STRING_RESULT, Binary result: $BINARY_RESULT\" >&2; exit 1; fi; fi; echo \"\u2705 Successfully saved $secret to /etc/secrets/$secret (size: $(stat -c%s /etc/secrets/$secret 2>/dev/null || wc -c < /etc/secrets/$secret))\"; done"
      ],
      "environment": [
        {
          "name": "SECRET_FILES",
          "value": "database-config,api-keys,certificates"
        },
        {
          "name": "AWS_REGION",
          "value": "us-east-1"
        }
      ],
      "mountPoints": [
        {
          "sourceVolume": "shared-volume",
          "containerPath": "/etc/secrets"
        }
      ],
      "logConfiguration": {
        "logDriver": "awslogs",
        "options": {
          "awslogs-group": "/ecs/test-cluster/test-service",
          "awslogs-region": "us-east-1",
          "awslogs-stream-prefix": "ssm-file-downloader"
        }
      }
    },
    {
      "name": "app",
      "image": "123456789012.dkr.ecr.us-east-1.amazonaws.com/test-app:latest",
      "essential": true,
      "environment": [
        {
          "name": "CONFIG_PATH",
          "value": "/etc/secrets"
        }
      ],
      "command": [],
      "entryPoint": [],
      "secrets": [],
      "logConfiguration": {
        "logDriver": "awslogs",
        "options": {
          "awslogs-group": "/ecs/test-cluster/test-service",
          "awslogs-region": "us-east-1",
          "awslogs-stream-prefix": "/default"
        }
      },
      "portMappings": [
        {
          "name": "default",
          "containerPort": 8080,
          "hostPort": 8080,
          "protocol": "tcp",
          "appProtocol": "http"
        }
      ],
      "mountPoints": [
        {
          "sourceVolume": "shared-volume",
          "containerPath": "/etc/secrets"
        }
      ],
      "dependsOn": [
        {
          "containerName": "init-container-for-secret-files",
          "condition": "SUCCESS"
        }
      ]
    }
  ],
  "cpu": "256",
  "memory": "512",
  "runtimePlatform": {
    "cpuArchitecture": "X86_64",
    "operatingSystemFamily": "LINUX"
  },
  "family": "test-cluster_test-service",
  "taskRoleArn": "arn:aws:iam::123456789012:role/ecsTaskExecutionRole",
  "executionRoleArn": "arn:aws:iam::123456789012:role/ecsTaskExecutionRole",
  "networkMode": "awsvpc",
  "requiresCompatibilities": [
    "FARGATE"
  ],
  "volumes": [
    {
      "name": "shared-volume",
      "host": {}
    }
  ]
}