{
  "containerDefinitions": [
    {
      "name": "app",
      "image": "123456789012.dkr.ecr.us-east-1.amazonaws.com/test-app:latest",
      "essential": true,
      "environment": [
        {
          "name": "PLATFORM",
          "value": "x86_64"
        },
        {
          "name": "ARCH_TYPE",
          "value": "amd64"
        }
      ],
      "command": [],
      "entryPoint": [],
      "secrets": [],
      "logConfiguration": {
        "logDriver": "awslogs",
        "options": {
          "awslogs-group": "/ecs/test-cluster/test-service",
          "awslogs-region": "us-east-1",
          "awslogs-stream-prefix": "/default"
        }
      },
      "portMappings": [
        {
          "name": "default",
          "containerPort": 3000,
          "hostPort": 3000,
          "protocol": "tcp",
          "appProtocol": "http"
        }
      ]
    }
  ],
  "cpu": "1024",
  "memory": "2048",
  "runtimePlatform": {
    "cpuArchitecture": "X86_64",
    "operatingSystemFamily": "LINUX"
  },
  "family": "test-cluster_test-service",
  "taskRoleArn": "arn:aws:iam::123456789012:role/ecsTaskExecutionRole",
  "executionRoleArn": "arn:aws:iam::123456789012:role/ecsTaskExecutionRole",
  "networkMode": "awsvpc",
  "requiresCompatibilities": [
    "FARGATE"
  ]
}